[lifehack77.wordpress.com/2021/10/20/free-live-sex-cams-and-live-porn-adult-sex-chat/index.html]
[backblue.gif]
[fade.gif]
[index.html]
[s1.wp.com/wp-content/themes/pub/varia/print9298.css]
[s1.wp.com/_static/indexba1f.html]
[lifehack77.wordpress.com/2021/10/20/free-live-sex-cams-and-live-porn-adult-sex-chat/feed/index.html]
[s0.wp.com/wp-content/themes/pub/balasana/styleee19.css]
[s1.wp.com/wp-content/mu-plugins/highlander-comments/styleddd2.css]
[s2.wp.com/i/webclip.png]
[preview.redd.it/pbpxzfyi6hu7153ad.jpg]
[external-preview.redd.it/SazaHmO_4H5KU5puzZZnkZ9NrFq3xAGSlFTxe2HEuZI7fba.jpg]
[preview.redd.it/4yrtr9tamfu714e7f.jpg]
[preview.redd.it/hufnp4ppkeu71f54e.jpg]
[0.gravatar.com/js/gprofiles2a3c.js]
[lifehack77.wordpress.com/2021/10/20/free-live-sex-cams-and-live-porn-adult-sex-chat/amp/index.html]
[s1.wp.com/wp-content/mu-plugins/gravatar-hovercards/wpgrohodc5c.js]
[s1.wp.com/_static/indexeb49.html]
[lifehack77.wordpress.com/2021/10/20/free-live-sex-cams-and-live-porn-adult-sex-chat/GET]
[s0.wp.com/wp-content/mu-plugins/actionbar/actionbar2866.css]
[s0.wp.com/wp-content/mu-plugins/actionbar/actionbar5efb.js]
[stats.wp.com/w44f6.js]
[pixel.wp.com/b0b80.gif]
[lifehack77.wordpress.com/2021/10/20/free-live-sex-cams-and-live-porn-adult-sex-chat/index.html]
[s1.wp.com/_static/indexba1f.html]
[s1.wp.com/wp-content/themes/pub/varia/print9298.css]
[s0.wp.com/wp-content/themes/pub/balasana/styleee19.css]
[s1.wp.com/wp-content/mu-plugins/highlander-comments/images/postto-buttons.png]
[s1.wp.com/wp-content/mu-plugins/highlander-comments/images/button-back.gif]
[s1.wp.com/wp-content/mu-plugins/highlander-comments/images/button-back-over.gif]
[s1.wp.com/wp-content/mu-plugins/highlander-comments/images/loader.gif]
[s1.wp.com/wp-content/mu-plugins/highlander-comments/styleddd2.css]
[cdn.ampproject.org/v0.js]
[cdn.ampproject.org/v0/amp-ad-0.1.js]
[cdn.ampproject.org/v0/amp-consent-0.1.js]
[cdn.ampproject.org/v0/amp-geo-0.1.js]
[cdn.ampproject.org/v0/amp-social-share-0.1.js]
[pixel.wp.com/b7322.gif]
[pixel.wp.com/bd279.gif]
[lifehack77.wordpress.com/2021/10/20/free-live-sex-cams-and-live-porn-adult-sex-chat/amp/index.html]
[lifehack77.wordpress.com/2021/10/20/free-live-sex-cams-and-live-porn-adult-sex-chat/index9a7b.html]
[lifehack77.wordpress.com/2021/10/20/free-live-sex-cams-and-live-porn-adult-sex-chat/index5a58.html]
[lifehack77.wordpress.com/2021/10/20/free-live-sex-cams-and-live-porn-adult-sex-chat/GET.html]
[s0.wp.com/wp-content/mu-plugins/actionbar/actionbar2866.css]
[s2.wp.com/wp-content/plugins/amp-2.0/assets/images/placeholder-icon.png]
